shamsuddoza-sajen p0: 31 links, 31 new
shamsuddoza-sajen p1: 31 links, 20 new
shamsuddoza-sajen p2: 31 links, 20 new
shamsuddoza-sajen p3: 31 links, 20 new
shamsuddoza-sajen p4: 31 links, 20 new
shamsuddoza-sajen p5: 31 links, 20 new
shamsuddoza-sajen p6: 31 links, 20 new
shamsuddoza-sajen p7: 31 links, 20 new
shamsuddoza-sajen p8: 31 links, 20 new
shamsuddoza-sajen p9: 31 links, 20 new
shamsuddoza-sajen p10: 31 links, 20 new
shamsuddoza-sajen p11: 31 links, 20 new
shamsuddoza-sajen p12: 31 links, 20 new
shamsuddoza-sajen p13: 31 links, 20 new
shamsuddoza-sajen p14: 31 links, 20 new
shamsuddoza-sajen p15: 31 links, 20 new
shamsuddoza-sajen p16: 31 links, 20 new
shamsuddoza-sajen p17: 31 links, 20 new
shamsuddoza-sajen p18: 31 links, 20 new
shamsuddoza-sajen p19: 31 links, 20 new
shamsuddoza-sajen p20: 31 links, 20 new
shamsuddoza-sajen p21: 31 links, 20 new
shamsuddoza-sajen p22: 31 links, 20 new
shamsuddoza-sajen p23: 31 links, 20 new
shamsuddoza-sajen p24: 31 links, 20 new
shamsuddoza-sajen p25: 31 links, 20 new
shamsuddoza-sajen p26: 31 links, 20 new
shamsuddoza-sajen p27: 31 links, 20 new
shamsuddoza-sajen p28: 31 links, 20 new
shamsuddoza-sajen p29: 31 links, 20 new
shamsuddoza-sajen p30: 31 links, 20 new
shamsuddoza-sajen p31: 31 links, 20 new
shamsuddoza-sajen p32: 31 links, 20 new
shamsuddoza-sajen p33: 31 links, 20 new
shamsuddoza-sajen p34: 30 links, 19 new
shamsuddoza-sajen p35: 31 links, 20 new
shamsuddoza-sajen p36: 17 links, 6 new
shamsuddoza-sajen p37: 11 links, 0 new
shamsuddoza-sajen p38: 11 links, 0 new
ahmad-istiak p0: 31 links, 31 new
ahmad-istiak p1: 31 links, 20 new
ahmad-istiak p2: 31 links, 20 new
ahmad-istiak p3: 20 links, 9 new
ahmad-istiak p4: 11 links, 0 new
ahmad-istiak p5: 11 links, 0 new
md-shahnawaz-khan-chandan p0: 31 links, 31 new
md-shahnawaz-khan-chandan p1: 31 links, 20 new
md-shahnawaz-khan-chandan p2: 31 links, 20 new
md-shahnawaz-khan-chandan p3: 31 links, 20 new
md-shahnawaz-khan-chandan p4: 31 links, 20 new
md-shahnawaz-khan-chandan p5: 31 links, 20 new
md-shahnawaz-khan-chandan p6: 31 links, 20 new
md-shahnawaz-khan-chandan p7: 31 links, 20 new
md-shahnawaz-khan-chandan p8: 31 links, 20 new
md-shahnawaz-khan-chandan p9: 31 links, 20 new
md-shahnawaz-khan-chandan p10: 31 links, 20 new
md-shahnawaz-khan-chandan p11: 31 links, 20 new
md-shahnawaz-khan-chandan p12: 31 links, 20 new
md-shahnawaz-khan-chandan p13: 31 links, 20 new
md-shahnawaz-khan-chandan p14: 31 links, 19 new
md-shahnawaz-khan-chandan p15: 31 links, 20 new
md-shahnawaz-khan-chandan p16: 31 links, 20 new
md-shahnawaz-khan-chandan p17: 13 links, 2 new
md-shahnawaz-khan-chandan p18: 11 links, 0 new
md-shahnawaz-khan-chandan p19: 11 links, 0 new
mohiuddin-alamgir p0: 31 links, 31 new
mohiuddin-alamgir p1: 31 links, 20 new
mohiuddin-alamgir p2: 31 links, 20 new
mohiuddin-alamgir p3: 29 links, 18 new
mohiuddin-alamgir p4: 31 links, 20 new
mohiuddin-alamgir p5: 28 links, 17 new
mohiuddin-alamgir p6: 31 links, 20 new
mohiuddin-alamgir p7: 30 links, 19 new
mohiuddin-alamgir p8: 31 links, 20 new
mohiuddin-alamgir p9: 31 links, 20 new
mohiuddin-alamgir p10: 31 links, 20 new
mohiuddin-alamgir p11: 31 links, 20 new
mohiuddin-alamgir p12: 31 links, 20 new
mohiuddin-alamgir p13: 31 links, 20 new
mohiuddin-alamgir p14: 31 links, 20 new
mohiuddin-alamgir p15: 31 links, 20 new
mohiuddin-alamgir p16: 31 links, 20 new
mohiuddin-alamgir p17: 31 links, 20 new
mohiuddin-alamgir p18: 31 links, 20 new
mohiuddin-alamgir p19: 31 links, 20 new
mohiuddin-alamgir p20: 31 links, 20 new
mohiuddin-alamgir p21: 31 links, 20 new
mohiuddin-alamgir p22: 31 links, 20 new
mohiuddin-alamgir p23: 31 links, 20 new
mohiuddin-alamgir p24: 31 links, 20 new
mohiuddin-alamgir p25: 31 links, 20 new
mohiuddin-alamgir p26: 31 links, 20 new
mohiuddin-alamgir p27: 31 links, 20 new
mohiuddin-alamgir p28: 31 links, 20 new
mohiuddin-alamgir p29: 31 links, 20 new
mohiuddin-alamgir p30: 31 links, 20 new
mohiuddin-alamgir p31: 31 links, 20 new
mohiuddin-alamgir p32: 31 links, 20 new
mohiuddin-alamgir p33: 31 links, 20 new
mohiuddin-alamgir p34: 31 links, 20 new
mohiuddin-alamgir p35: 31 links, 20 new
mohiuddin-alamgir p36: 31 links, 20 new
mohiuddin-alamgir p37: 31 links, 20 new
mohiuddin-alamgir p38: 31 links, 20 new
mohiuddin-alamgir p39: 31 links, 20 new
mohiuddin-alamgir p40: 31 links, 20 new
mohiuddin-alamgir p41: 31 links, 20 new
mohiuddin-alamgir p42: 31 links, 20 new
mohiuddin-alamgir p43: 31 links, 20 new
mohiuddin-alamgir p44: 31 links, 20 new
mohiuddin-alamgir p45: 31 links, 20 new
mohiuddin-alamgir p46: 31 links, 20 new
mohiuddin-alamgir p47: 13 links, 2 new
mohiuddin-alamgir p48: 11 links, 0 new
mohiuddin-alamgir p49: 11 links, 0 new
emran-mahfuz-0 p0: 31 links, 31 new
emran-mahfuz-0 p1: 27 links, 16 new
emran-mahfuz-0 p2: 11 links, 0 new
emran-mahfuz-0 p3: 11 links, 0 new
priyam-paul p0: 29 links, 29 new
priyam-paul p1: 27 links, 16 new
priyam-paul p2: 31 links, 20 new
priyam-paul p3: 31 links, 18 new
priyam-paul p4: 31 links, 20 new
priyam-paul p5: 29 links, 17 new
priyam-paul p6: 21 links, 10 new
priyam-paul p7: 11 links, 0 new
priyam-paul p8: 11 links, 0 new
mofidul-hoque p0: 20 links, 20 new
mofidul-hoque p1: 11 links, 0 new
mofidul-hoque p2: 11 links, 0 new
mahbub-uddin-ahmed-bir-bikram p0: 13 links, 13 new
mahbub-uddin-ahmed-bir-bikram p1: 11 links, 0 new
mahbub-uddin-ahmed-bir-bikram p2: 11 links, 0 new
lt-col-retd-quazi-sajjad-ali-zahir-bir-protik p0: 6 links, 6 new
lt-col-retd-quazi-sajjad-ali-zahir-bir-protik p1: 6 links, 0 new
lt-col-retd-quazi-sajjad-ali-zahir-bir-protik p2: 6 links, 0 new
mirza-shakil p0: 31 links, 31 new
mirza-shakil p1: 31 links, 20 new
mirza-shakil p2: 31 links, 20 new
mirza-shakil p3: 31 links, 20 new
mirza-shakil p4: 31 links, 20 new
mirza-shakil p5: 31 links, 20 new
mirza-shakil p6: 31 links, 20 new
mirza-shakil p7: 31 links, 20 new
mirza-shakil p8: 31 links, 20 new
mirza-shakil p9: 31 links, 20 new
mirza-shakil p10: 31 links, 20 new
mirza-shakil p11: 31 links, 20 new
mirza-shakil p12: 31 links, 20 new
mirza-shakil p13: 31 links, 20 new
mirza-shakil p14: 31 links, 20 new
mirza-shakil p15: 31 links, 20 new
mirza-shakil p16: 31 links, 20 new
mirza-shakil p17: 21 links, 10 new
mirza-shakil p18: 11 links, 0 new
mirza-shakil p19: 11 links, 0 new
wasim-bin-habib p0: 31 links, 31 new
wasim-bin-habib p1: 30 links, 19 new
wasim-bin-habib p2: 31 links, 20 new
wasim-bin-habib p3: 31 links, 20 new
wasim-bin-habib p4: 31 links, 20 new
wasim-bin-habib p5: 31 links, 20 new
wasim-bin-habib p6: 31 links, 19 new
