34 themed package listings: ['https://www.thedailystar.net/1971-liberation-war-articles', 'https://www.thedailystar.net/1971-liberation-war-interviews', 'https://www.thedailystar.net/1971-the-battles-women-fought', 'https://www.thedailystar.net/footages-1971-liberation-war/killing-grounds', 'https://www.thedailystar.net/martyred-intellectuals-day-2024', 'https://www.thedailystar.net/opinion/martyred-intellectuals-day', 'https://www.thedailystar.net/supplements/71-memory-lane', 'https://www.thedailystar.net/supplements/historic-mujibnagar-day', 'https://www.thedailystar.net/supplements/independence-day-2016', 'https://www.thedailystar.net/supplements/independence-day-special-2013', 'https://www.thedailystar.net/supplements/independence-day-special-2015', 'https://www.thedailystar.net/supplements/independence-day-special-2017', 'https://www.thedailystar.net/supplements/independence-day-special-2018', 'https://www.thedailystar.net/supplements/independence-day-special-2019', 'https://www.thedailystar.net/supplements/independence-day-special-2023', 'https://www.thedailystar.net/supplements/independence-day-special-2024', 'https://www.thedailystar.net/supplements/independence-day-special-2024-0', 'https://www.thedailystar.net/supplements/independence-day-special-2025', 'https://www.thedailystar.net/supplements/martyred-intellectuals-day-2017', 'https://www.thedailystar.net/supplements/martyred-intellectuals-day-2018', 'https://www.thedailystar.net/supplements/martyred-intellectuals-day-2019', 'https://www.thedailystar.net/supplements/martyred-intellectuals-day-2020', 'https://www.thedailystar.net/supplements/martyred-intellectuals-day-2021', 'https://www.thedailystar.net/supplements/martyred-intellectuals-day-2022', 'https://www.thedailystar.net/supplements/martyred-intellectuals-day-2025', 'https://www.thedailystar.net/supplements/victory-day-2016-special', 'https://www.thedailystar.net/supplements/victory-day-special-2014', 'https://www.thedailystar.net/supplements/victory-day-special-2017', 'https://www.thedailystar.net/supplements/victory-day-special-2019', 'https://www.thedailystar.net/supplements/victory-day-special-2020', 'https://www.thedailystar.net/supplements/victory-day-special-2021', 'https://www.thedailystar.net/supplements/victory-day-special-2022', 'https://www.thedailystar.net/supplements/victory-day-special-2023', 'https://www.thedailystar.net/supplements/victory-day-special-2024']
  package:1971-liberation-war-articles p2: 13 links, 13 new on listing, 0 new candidates (total 4014)
  package:1971-liberation-war-articles p3: 13 links, 0 new on listing, 0 new candidates (total 4014)
  package:1971-liberation-war-articles p4: 13 links, 0 new on listing, 0 new candidates (total 4014)
  package:1971-liberation-war-articles: no new links for 2 pages, stopping at page 4
  package:1971-liberation-war-interviews p0: 20 links, 20 new on listing, 12 new candidates (total 4026)
  package:1971-liberation-war-interviews p1: 13 links, 0 new on listing, 0 new candidates (total 4026)
  package:1971-liberation-war-interviews p2: 13 links, 0 new on listing, 0 new candidates (total 4026)
  package:1971-liberation-war-interviews: no new links for 2 pages, stopping at page 2
  package:1971-the-battles-women-fought p0: 11 links, 11 new on listing, 0 new candidates (total 4026)
  package:1971-the-battles-women-fought p1: 11 links, 0 new on listing, 0 new candidates (total 4026)
  package:1971-the-battles-women-fought p2: 11 links, 0 new on listing, 0 new candidates (total 4026)
  package:1971-the-battles-women-fought: no new links for 2 pages, stopping at page 2
  package:footages-1971-liberation-war/killing-grounds p0: 13 links, 13 new on listing, 7 new candidates (total 4033)
  package:footages-1971-liberation-war/killing-grounds p1: 12 links, 0 new on listing, 0 new candidates (total 4033)
  package:footages-1971-liberation-war/killing-grounds p2: 12 links, 0 new on listing, 0 new candidates (total 4033)
  package:footages-1971-liberation-war/killing-grounds: no new links for 2 pages, stopping at page 2
  package:martyred-intellectuals-day-2024 p0: 10 links, 10 new on listing, 0 new candidates (total 4033)
  package:martyred-intellectuals-day-2024 p1: 10 links, 0 new on listing, 0 new candidates (total 4033)
  package:martyred-intellectuals-day-2024 p2: 10 links, 0 new on listing, 0 new candidates (total 4033)
  package:martyred-intellectuals-day-2024: no new links for 2 pages, stopping at page 2
  package:opinion/martyred-intellectuals-day: stop at page 0 (HTTP 404)
  package:supplements/71-memory-lane p0: 6 links, 6 new on listing, 0 new candidates (total 4033)
  package:supplements/71-memory-lane p1: 6 links, 0 new on listing, 0 new candidates (total 4033)
  package:supplements/71-memory-lane p2: 6 links, 0 new on listing, 0 new candidates (total 4033)
  package:supplements/71-memory-lane: no new links for 2 pages, stopping at page 2
  package:supplements/historic-mujibnagar-day p0: 7 links, 7 new on listing, 0 new candidates (total 4033)
  package:supplements/historic-mujibnagar-day p1: 7 links, 0 new on listing, 0 new candidates (total 4033)
  package:supplements/historic-mujibnagar-day p2: 7 links, 0 new on listing, 0 new candidates (total 4033)
  package:supplements/historic-mujibnagar-day: no new links for 2 pages, stopping at page 2
  package:supplements/independence-day-2016 p0: 13 links, 13 new on listing, 0 new candidates (total 4033)
  package:supplements/independence-day-2016 p1: 13 links, 0 new on listing, 0 new candidates (total 4033)
  package:supplements/independence-day-2016 p2: 13 links, 0 new on listing, 0 new candidates (total 4033)
  package:supplements/independence-day-2016: no new links for 2 pages, stopping at page 2
  package:supplements/independence-day-special-2013 p0: 3 links, 3 new on listing, 0 new candidates (total 4033)
  package:supplements/independence-day-special-2013 p1: 3 links, 0 new on listing, 0 new candidates (total 4033)
  package:supplements/independence-day-special-2013 p2: 3 links, 0 new on listing, 0 new candidates (total 4033)
  package:supplements/independence-day-special-2013: no new links for 2 pages, stopping at page 2
  package:supplements/independence-day-special-2015 p0: 12 links, 12 new on listing, 0 new candidates (total 4033)
  package:supplements/independence-day-special-2015 p1: 10 links, 0 new on listing, 0 new candidates (total 4033)
  package:supplements/independence-day-special-2015 p2: 10 links, 0 new on listing, 0 new candidates (total 4033)
  package:supplements/independence-day-special-2015: no new links for 2 pages, stopping at page 2
  package:supplements/independence-day-special-2017 p0: 11 links, 11 new on listing, 0 new candidates (total 4033)
  package:supplements/independence-day-special-2017 p1: 11 links, 0 new on listing, 0 new candidates (total 4033)
  package:supplements/independence-day-special-2017 p2: 11 links, 0 new on listing, 0 new candidates (total 4033)
  package:supplements/independence-day-special-2017: no new links for 2 pages, stopping at page 2
  package:supplements/independence-day-special-2018 p0: 12 links, 12 new on listing, 0 new candidates (total 4033)
  package:supplements/independence-day-special-2018 p1: 12 links, 0 new on listing, 0 new candidates (total 4033)
  package:supplements/independence-day-special-2018 p2: 12 links, 0 new on listing, 0 new candidates (total 4033)
  package:supplements/independence-day-special-2018: no new links for 2 pages, stopping at page 2
  package:supplements/independence-day-special-2019 p0: 9 links, 9 new on listing, 0 new candidates (total 4033)
  package:supplements/independence-day-special-2019 p1: 9 links, 0 new on listing, 0 new candidates (total 4033)
  package:supplements/independence-day-special-2019 p2: 9 links, 0 new on listing, 0 new candidates (total 4033)
  package:supplements/independence-day-special-2019: no new links for 2 pages, stopping at page 2
  package:supplements/independence-day-special-2023 p0: 10 links, 10 new on listing, 0 new candidates (total 4033)
  package:supplements/independence-day-special-2023 p1: 10 links, 0 new on listing, 0 new candidates (total 4033)
  package:supplements/independence-day-special-2023 p2: 10 links, 0 new on listing, 0 new candidates (total 4033)
  package:supplements/independence-day-special-2023: no new links for 2 pages, stopping at page 2
  package:supplements/independence-day-special-2024 p0: 10 links, 10 new on listing, 0 new candidates (total 4033)
  package:supplements/independence-day-special-2024 p1: 10 links, 0 new on listing, 0 new candidates (total 4033)
  package:supplements/independence-day-special-2024 p2: 10 links, 0 new on listing, 0 new candidates (total 4033)
  package:supplements/independence-day-special-2024: no new links for 2 pages, stopping at page 2
  package:supplements/independence-day-special-2024-0 p0: 12 links, 12 new on listing, 0 new candidates (total 4033)
  package:supplements/independence-day-special-2024-0 p1: 12 links, 0 new on listing, 0 new candidates (total 4033)
  package:supplements/independence-day-special-2024-0 p2: 12 links, 0 new on listing, 0 new candidates (total 4033)
  package:supplements/independence-day-special-2024-0: no new links for 2 pages, stopping at page 2
  package:supplements/independence-day-special-2025 p0: 12 links, 12 new on listing, 0 new candidates (total 4033)
  package:supplements/independence-day-special-2025 p1: 12 links, 0 new on listing, 0 new candidates (total 4033)
  package:supplements/independence-day-special-2025 p2: 12 links, 0 new on listing, 0 new candidates (total 4033)
  package:supplements/independence-day-special-2025: no new links for 2 pages, stopping at page 2
  package:supplements/martyred-intellectuals-day-2017 p0: 9 links, 9 new on listing, 0 new candidates (total 4033)
  package:supplements/martyred-intellectuals-day-2017 p1: 9 links, 0 new on listing, 0 new candidates (total 4033)
  package:supplements/martyred-intellectuals-day-2017 p2: 9 links, 0 new on listing, 0 new candidates (total 4033)
  package:supplements/martyred-intellectuals-day-2017: no new links for 2 pages, stopping at page 2
  package:supplements/martyred-intellectuals-day-2018 p0: 8 links, 8 new on listing, 0 new candidates (total 4033)
  package:supplements/martyred-intellectuals-day-2018 p1: 8 links, 0 new on listing, 0 new candidates (total 4033)
  package:supplements/martyred-intellectuals-day-2018 p2: 8 links, 0 new on listing, 0 new candidates (total 4033)
  package:supplements/martyred-intellectuals-day-2018: no new links for 2 pages, stopping at page 2
  package:supplements/martyred-intellectuals-day-2019 p0: 10 links, 10 new on listing, 0 new candidates (total 4033)
  package:supplements/martyred-intellectuals-day-2019 p1: 10 links, 0 new on listing, 0 new candidates (total 4033)
  package:supplements/martyred-intellectuals-day-2019 p2: 10 links, 0 new on listing, 0 new candidates (total 4033)
  package:supplements/martyred-intellectuals-day-2019: no new links for 2 pages, stopping at page 2
  package:supplements/martyred-intellectuals-day-2020 p0: 9 links, 9 new on listing, 3 new candidates (total 4036)
  package:supplements/martyred-intellectuals-day-2020 p1: 9 links, 0 new on listing, 0 new candidates (total 4036)
  package:supplements/martyred-intellectuals-day-2020 p2: 9 links, 0 new on listing, 0 new candidates (total 4036)
  package:supplements/martyred-intellectuals-day-2020: no new links for 2 pages, stopping at page 2
  package:supplements/martyred-intellectuals-day-2021 p0: 9 links, 9 new on listing, 0 new candidates (total 4036)
  package:supplements/martyred-intellectuals-day-2021 p1: 9 links, 0 new on listing, 0 new candidates (total 4036)
  package:supplements/martyred-intellectuals-day-2021 p2: 9 links, 0 new on listing, 0 new candidates (total 4036)
  package:supplements/martyred-intellectuals-day-2021: no new links for 2 pages, stopping at page 2
  package:supplements/martyred-intellectuals-day-2022 p0: 6 links, 6 new on listing, 0 new candidates (total 4036)
  package:supplements/martyred-intellectuals-day-2022 p1: 6 links, 0 new on listing, 0 new candidates (total 4036)
  package:supplements/martyred-intellectuals-day-2022 p2: 6 links, 0 new on listing, 0 new candidates (total 4036)
  package:supplements/martyred-intellectuals-day-2022: no new links for 2 pages, stopping at page 2
  package:supplements/martyred-intellectuals-day-2025 p0: 23 links, 23 new on listing, 16 new candidates (total 4052)
  package:supplements/martyred-intellectuals-day-2025 p1: 14 links, 1 new on listing, 1 new candidates (total 4053)
  package:supplements/martyred-intellectuals-day-2025 p2: 13 links, 0 new on listing, 0 new candidates (total 4053)
  package:supplements/martyred-intellectuals-day-2025 p3: 13 links, 0 new on listing, 0 new candidates (total 4053)
  package:supplements/martyred-intellectuals-day-2025: no new links for 2 pages, stopping at page 3
  package:supplements/victory-day-2016-special p0: 10 links, 10 new on listing, 0 new candidates (total 4053)
  package:supplements/victory-day-2016-special p1: 10 links, 0 new on listing, 0 new candidates (total 4053)
  package:supplements/victory-day-2016-special p2: 10 links, 0 new on listing, 0 new candidates (total 4053)
  package:supplements/victory-day-2016-special: no new links for 2 pages, stopping at page 2
  package:supplements/victory-day-special-2014 p0: 15 links, 15 new on listing, 11 new candidates (total 4064)
  package:supplements/victory-day-special-2014 p1: 13 links, 0 new on listing, 0 new candidates (total 4064)
  package:supplements/victory-day-special-2014 p2: 13 links, 0 new on listing, 0 new candidates (total 4064)
  package:supplements/victory-day-special-2014: no new links for 2 pages, stopping at page 2
  package:supplements/victory-day-special-2017 p0: 8 links, 8 new on listing, 0 new candidates (total 4064)
  package:supplements/victory-day-special-2017 p1: 8 links, 0 new on listing, 0 new candidates (total 4064)
  package:supplements/victory-day-special-2017 p2: 8 links, 0 new on listing, 0 new candidates (total 4064)
  package:supplements/victory-day-special-2017: no new links for 2 pages, stopping at page 2
  package:supplements/victory-day-special-2019 p0: 12 links, 12 new on listing, 4 new candidates (total 4068)
  package:supplements/victory-day-special-2019 p1: 12 links, 0 new on listing, 0 new candidates (total 4068)
  package:supplements/victory-day-special-2019 p2: 12 links, 0 new on listing, 0 new candidates (total 4068)
  package:supplements/victory-day-special-2019: no new links for 2 pages, stopping at page 2
34 themed package listings: ['https://www.thedailystar.net/1971-liberation-war-articles', 'https://www.thedailystar.net/1971-liberation-war-interviews', 'https://www.thedailystar.net/1971-the-battles-women-fought', 'https://www.thedailystar.net/footages-1971-liberation-war/killing-grounds', 'https://www.thedailystar.net/martyred-intellectuals-day-2024', 'https://www.thedailystar.net/opinion/martyred-intellectuals-day', 'https://www.thedailystar.net/supplements/71-memory-lane', 'https://www.thedailystar.net/supplements/historic-mujibnagar-day', 'https://www.thedailystar.net/supplements/independence-day-2016', 'https://www.thedailystar.net/supplements/independence-day-special-2013', 'https://www.thedailystar.net/supplements/independence-day-special-2015', 'https://www.thedailystar.net/supplements/independence-day-special-2017', 'https://www.thedailystar.net/supplements/independence-day-special-2018', 'https://www.thedailystar.net/supplements/independence-day-special-2019', 'https://www.thedailystar.net/supplements/independence-day-special-2023', 'https://www.thedailystar.net/supplements/independence-day-special-2024', 'https://www.thedailystar.net/supplements/independence-day-special-2024-0', 'https://www.thedailystar.net/supplements/independence-day-special-2025', 'https://www.thedailystar.net/supplements/martyred-intellectuals-day-2017', 'https://www.thedailystar.net/supplements/martyred-intellectuals-day-2018', 'https://www.thedailystar.net/supplements/martyred-intellectuals-day-2019', 'https://www.thedailystar.net/supplements/martyred-intellectuals-day-2020', 'https://www.thedailystar.net/supplements/martyred-intellectuals-day-2021', 'https://www.thedailystar.net/supplements/martyred-intellectuals-day-2022', 'https://www.thedailystar.net/supplements/martyred-intellectuals-day-2025', 'https://www.thedailystar.net/supplements/victory-day-2016-special', 'https://www.thedailystar.net/supplements/victory-day-special-2014', 'https://www.thedailystar.net/supplements/victory-day-special-2017', 'https://www.thedailystar.net/supplements/victory-day-special-2019', 'https://www.thedailystar.net/supplements/victory-day-special-2020', 'https://www.thedailystar.net/supplements/victory-day-special-2021', 'https://www.thedailystar.net/supplements/victory-day-special-2022', 'https://www.thedailystar.net/supplements/victory-day-special-2023', 'https://www.thedailystar.net/supplements/victory-day-special-2024']
  package:1971-liberation-war-articles p5: 13 links, 13 new on listing, 0 new candidates (total 4068)
  package:1971-liberation-war-articles p6: 13 links, 0 new on listing, 0 new candidates (total 4068)
  package:1971-liberation-war-articles p7: 13 links, 0 new on listing, 0 new candidates (total 4068)
  package:1971-liberation-war-articles: no new links for 2 pages, stopping at page 7
  package:1971-liberation-war-interviews p3: 13 links, 13 new on listing, 0 new candidates (total 4068)
  package:1971-liberation-war-interviews p4: 13 links, 0 new on listing, 0 new candidates (total 4068)
  package:1971-liberation-war-interviews p5: 13 links, 0 new on listing, 0 new candidates (total 4068)
  package:1971-liberation-war-interviews: no new links for 2 pages, stopping at page 5
  package:1971-the-battles-women-fought p3: 11 links, 11 new on listing, 0 new candidates (total 4068)
  package:1971-the-battles-women-fought p4: 11 links, 0 new on listing, 0 new candidates (total 4068)
  package:1971-the-battles-women-fought p5: 11 links, 0 new on listing, 0 new candidates (total 4068)
  package:1971-the-battles-women-fought: no new links for 2 pages, stopping at page 5
  package:footages-1971-liberation-war/killing-grounds p3: 12 links, 12 new on listing, 0 new candidates (total 4068)
  package:footages-1971-liberation-war/killing-grounds p4: 12 links, 0 new on listing, 0 new candidates (total 4068)
  package:footages-1971-liberation-war/killing-grounds p5: 12 links, 0 new on listing, 0 new candidates (total 4068)
  package:footages-1971-liberation-war/killing-grounds: no new links for 2 pages, stopping at page 5
