4074 candidates, 1077 still to extract
[1/1077] FAILED None https://www.thedailystar.net/slow-reads/slow-reads-special/news/women-and-the-climate-crisis-bangladesh-4284266
[2/1077]  A life for Bangladesh
[3/1077] FAILED None https://www.thedailystar.net/slow-reads/slow-reads-special/the-haor-crisis/news/the-haor-crisis-explained-4177301
[4/1077] FAILED None https://www.thedailystar.net/slow-reads/focus/news/we-wish-inform-you-censorship-bangladesh-1972-2024-4166461
[5/1077] FAILED None https://www.thedailystar.net/slow-reads/focus/news/fight-justice-4164836
[6/1077]  Justice at work for all
[7/1077]  Price of Labour
[8/1077] FAILED None https://www.thedailystar.net/slow-reads/slow-reads-special/price-labour/news/how-many-more-lives-workplaces-become-safe-4158871
[9/1077] FAILED None https://www.thedailystar.net/slow-reads/slow-reads-special/operation-searchlight/news/operation-searchlight-the-night-hell-opened-over-dhaka-4135406
[10/1077] 2025-12-14 A martyr of poetry and patriotism
[11/1077] 2025-12-14 The silencing of a philosopher
[12/1077] 2025-12-14 A quiet farewell preserved in ash
[13/1077] 2025-12-14 A historian of courage and conscience
[14/1077] 2025-12-14 The physician who turned his car into a lifeline of liberation
[15/1077] 2025-12-14 Believing in his people, without fear
[16/1077] 2025-12-14 From Shilalipi to the killing fields
[17/1077] 2025-12-14 A scientist, a philosopher
[18/1077] 2025-12-14 A writer made by resistance
[19/1077] 2025-12-14 Filming freedom
[20/1077] 2025-12-14 Tikka Khan’s letter of warning
[21/1077] 2025-12-14 A life in geology, interrupted
[22/1077] 2025-12-14 Traces of Danbir’s humanity
[23/1077] 2025-12-14 A champion of communal harmony
[24/1077] 2025-12-14 The music that defied bullets
[25/1077] 2025-12-14 Martyrs of Freedom
[26/1077] 2025-12-13 The face of an unknown woman in Rayerbazar
[27/1077] 2025-12-14 A deeply committed humanist
[28/1077] 2025-12-14 The Spirit of Shaheed Munier Chowdhury
[29/1077] FAILED 403 https://www.thedailystar.net/news/bangladesh/special-read/news/watch-pakistan-lying-about-1971-genocide-185098
[30/1077] 2025-12-16 Modi skips Bangladesh in Victory Day message, Jaishankar extends greet
[31/1077] 2016-01-31 BNP demands list of 1971 martyrs
[32/1077] 2016-01-31 Law to try people for undermining 1971 war ‘planned’
[33/1077] 2016-02-01 BNP to make list of 1971 martyrs
[34/1077] 2016-02-01 Law on cards to punish distortion of 1971 history
[35/1077] 2016-02-01 Verdict on 2 Netrokona ‘Razakars’ tomorrow
[36/1077] 2016-02-02 War crimes: Taher, Nani razakars get death penalty
[37/1077] 2016-02-02 Martyrs’ count of 1971 undisputed history: ICT
[38/1077] 2016-02-05 Muktijuddho Jadughar (Liberation War Museum)
[39/1077] 2016-02-08 Arrest 2 Netrokona ‘Razakars’: ICT
[40/1077] 2016-02-12 Nasir Uddin Yousuff testifies against eight 'Al-Badr men'
[41/1077] 2016-02-13 Law against denial of Liberation War facts drafted
[42/1077] 2016-02-16 Bangladesh Birth of a nation 1952 to 1971
[43/1077] 2016-02-17 Rising violence against them negates Liberation War spirit
[44/1077] 2016-02-17 Uphold MAG Osmani's role in Liberation War
[45/1077] 2016-02-18 FREEDOM FIGHTERS
[46/1077] 2016-02-18 Remark on martyrs: Court summons Goyeshwar
[47/1077] 2016-02-22 Liberation war affairs to have 100 marks in BCS exam
[48/1077] 2016-02-26 IO testifies against 5 Kishoreganj 'Razakars'
[49/1077] 2016-02-27 “Aynabaazi” to be released on the eve of Independence Day
[50/1077] 2016-02-29 Concert on Liberation War at Army Stadium on March 7
[51/1077] 2016-03-01 War crimes: 2 Moulvibazar ‘Razakars’ held
[52/1077] 2016-03-12 Ordeal in 1971, onwards...
[53/1077] 2016-03-14 Recognised as freedom fighters at long last
[54/1077] 2016-03-16 War crimes proof found against 7 Netrakona ‘Razakars’
[55/1077] 2016-03-18 Multimedia photographic exhibition on 1971 begins tomorrow
[56/1077] 2016-03-18 Know real history of Liberation War
[57/1077] 2016-03-19 Six artists sing for Independence Day
[58/1077] 2016-03-20 Painting competition on Independence Day in Bogra
[59/1077] 2016-03-23 Liberation War Denial Crimes Act drafted
[60/1077] 2016-03-23 March 1971: The Killing of Jyotirmoy Guhathakurta
[61/1077] 2016-03-25 Reflections on March 1971
[62/1077] 2016-03-25 Tajuddin Ahmed (July 23, 1925 – November 3, 1975)
[63/1077] 2016-03-26 Editor's note
[64/1077] 2016-03-26 ARGUS UNDER ANAESTHESIA
[65/1077] 2016-03-26 Those days of 71
[66/1077] 2016-03-26 BANGLADESH I
[67/1077] 2016-03-26 Unfinished agenda of the Liberation War
[68/1077] 2016-03-26 The Treasury Officer and those dark days of March 1971
[69/1077] 2016-03-26 1971: Our war, their battles
[70/1077] 2016-03-26 Thoughts on the Independence Day
[71/1077] 2016-03-26 Independence Day special drama “Yahya Khan”
[72/1077] 2016-03-26 1971 spirit ruined for lack of democracy
[73/1077] 2016-03-26 What Price Honour?
[74/1077] 2016-03-26 Nation paying tributes to liberation war martyrs
[75/1077] 2016-03-26 Midnight Marathon
[76/1077] 2016-03-26 Without a name, without a tribe
[77/1077] 2016-03-26 As a War Heroine, I Speak
[78/1077] 2016-03-26 Roaring Liberation
[79/1077] 2016-03-26 Enchanted Delta
[80/1077] 2016-03-27 '71 Genocide
[81/1077] 2016-03-27 Youths walk to learn about Liberation War
[82/1077] 2016-03-28 Independence Day observed in Barisal
[83/1077] 2016-03-28 Struggling since 1971..
[84/1077] 2016-03-29 Cultural functions mark Independence Day
[85/1077] 2016-03-31 '71 Foundation honours 11 women for Liberation War contributions
[86/1077] 2016-04-04 Educate youths about Liberation War
[87/1077] 2016-04-17 Mujibnagar Day today
[88/1077] 2016-04-17 Historic Mujibnagar Day being observed
[89/1077] 2016-04-21 Elements in AL acting against Liberation War spirit
[90/1077] 2016-04-25 Testimony against 8 'Al-Badr men' to start May 19
[91/1077] 2016-04-27 Charge framing decision against 2 Kishoreganj 'Razakars' May 9
[92/1077] 2016-05-02 Verdict on 5 Kishoreganj ‘Razakars’ tomorrow
[93/1077] 2016-05-03 War crimes: Death for 4 Kishoreganj Razakars
[94/1077] 2016-05-04 Gallows for 4 Razakars for 1971 war crimes
[95/1077] 2016-05-16 Pakistan and genocide
[96/1077] 2016-05-19 Pakistan incrminates itself for war crimes in Bangladesh
[97/1077] 2016-05-30 FF links 2 Shariatpur 'Razakars' to killing of scores, rape of 13
[98/1077] 2016-06-07 Learning about genocide and justice
[99/1077] 2016-06-07 Historic Six-point Day today
[100/1077] 2016-06-07 Another accuses Hussain
[101/1077] 2016-06-09 Two Shariatpur 'Razakars' again implicated
[102/1077] 2016-06-13 Court okays 7 charges against 6 Netrakona 'Razakars'
[103/1077] 2016-06-18 Independence Day - Resurgence
[104/1077] 2016-06-19 Verdict on 8 Jamalpur ‘Al-Badr men’ any day
[105/1077] 2016-06-20 ‘Muslim-Hindu refugees helped each other in 1971’
[106/1077] 2016-07-15 Ask Jamaat to apologise for its 1971 role
[107/1077] 2016-07-18 Verdict on eight Jamalpur 'Al-Badr men' today
[108/1077] 2016-07-18 War crimes: Death for 3 Jamalpur Al-Badrs
[109/1077] 2016-07-19 3 Al-Badr men of Jamalpur to die
[110/1077] 2016-07-23 Defeated forces of 1971 behind ‘militant attacks’: Kamal
[111/1077] 2016-07-26 2 Shariatpur 'Razakars' again linked to killings
[112/1077] 2016-08-11 Bangabandhu and the Liberation War
[113/1077] 2016-08-11 Martyred Intellectuals Memorial to be built at RU
[114/1077] 2016-08-13 Travails of a freedom fighter
[115/1077] 2016-08-18 London 1971: Unsung Heroes of Bangladesh's Liberation War
[116/1077] 2016-08-22 Life term jail for dishonouring Liberation War, Bangabandhu
[117/1077] 2016-08-23 Sherpur Razakar suspect arrested
[118/1077] 2016-08-24 Sherpur Razakar suspect sent to jail
[119/1077] 2016-09-03 Independence Day: Resurgence
[120/1077] 2016-09-03 [WATCH] Quasem, the notorious Al-Badr leader
[121/1077] 2016-09-06 Punishment of a war criminal
[122/1077] 2016-09-08 War crimes proof of 3 Netrokona ‘Razakars’ found
[123/1077] 2016-09-08 16 more Biranganas recognised as freedom fighters
[124/1077] 2016-09-17 PM confers ‘Liberation War honour’ on Pierre Trudeau
[125/1077] 2016-09-18 Pierre Trudeau given Liberation War Honour
[126/1077] 2016-09-21 Witness links two 'Razakars'
[127/1077] 2016-09-26 Valiant freedom fighters of the soil
[128/1077] 2016-09-30 Students want Liberation War sculpture at CU
[129/1077] 2016-11-07 Witness accuses 'Kishoreganj Razakar' of torturing him, 3 others
[130/1077] 2016-11-09 1971 Martyrs: PM to honour 2,000 Indian soldiers
[131/1077] 2016-11-15 Liberation War e-archive launched
[132/1077] 2016-11-21 Justice for a murdered freedom fighter
[133/1077] 2016-11-26 World's silence perpetuates genocide
[134/1077] 2016-12-03 Thakurgaon was freed on this day in 1971
[135/1077] 2016-12-05 Death for Shariatpur Razakar Edris
[136/1077] 2016-12-07 Halim's harrowing memory of 1971
[137/1077] 2016-12-08 Facebook buzz: Your live video in Victory Day theme
[138/1077] 2016-12-08 Zia took part in Liberation War on circumstantial ground: Minister
[139/1077] 2016-12-09 Zia joined 1971 war for circumstance, not ideology
[140/1077] 2016-12-13 Victory Day collection at Anjan’s
[141/1077] 2016-12-13 Chhayanaut and DU to hold elaborate Victory Day programmes
[142/1077] 2016-12-14 President, PM pay tribute to martyred intellectuals
[143/1077] 2016-12-14 Maleka Khan’s tale of 1971 (Part-1)
[144/1077] 2016-12-15 Martyred Intellectuals Day
[145/1077] 2016-12-15 Nation pays homage to martyred intellectuals
[146/1077] 2016-12-15 Have we conquered the hate?
[147/1077] 2016-12-15 End of an era
[148/1077] 2016-12-15 Editor's note
[149/1077] 2016-12-15 Killing fields of 1971: Our grief, our strength
[150/1077] 2016-12-15 Tale of 1971 Indian war veterans
[151/1077] 2016-12-15 Commander SMA Karim of Tangail
[152/1077] 2016-12-16 Editor's Note
[153/1077] 2016-12-16 Muktijuddho: Polyphony of the Ocean
[154/1077] 2016-12-16 Immortalising the tales of 1971
[155/1077] 2016-12-16 Victory Day today
[156/1077] 2016-12-16 Mamunur Rashid looks back on Victory Day
[157/1077] 2016-12-16 Victory Day special TV Play “Sohodor”
[158/1077] 2016-12-16 Victory day celebration programmes at Agartala
[159/1077] 2016-12-16 Names of razakars removed from roads
[160/1077] 2016-12-16 Remembering Lieutenant Samir Das
[161/1077] 2016-12-16 The women in our Liberation War
[162/1077] 2016-12-16 Khaleda pays homage to Liberation War heroes
[163/1077] 2016-12-17 Liberation War: Inspiring creativity
[164/1077] 2016-12-17 Victory Day in my perspective
[165/1077] 2016-12-17 1971 created historic Indo-Bangla bond
[166/1077] 2016-12-17 Maleka Khan’s tale of 1971 (Part-2)
[167/1077] 2016-12-18 The essence of Victory Day
[168/1077] 2016-12-18 Victory Day Celebrations across the border
[169/1077] 2016-12-21 Victory Day celebrations at Shanto-Mariam
[170/1077] 2016-12-21 Birangonas: The liberators left unliberated
[171/1077] 2016-12-24 The peculiar global invisibility of 1971
[172/1077] 2016-12-24 Maleka Khan’s tale of 1971 (Part-3)
[173/1077] 2016-12-25 [WATCH] Maleka Khan’s tale of 1971 (Part-4)
[174/1077] 2016-12-27 Assaults on freedom fighters
[175/1077] 2015-01-01 Liberation War Factsheet
[176/1077] 2015-01-14 Competition on Liberation War history begins in Ctg tomorrow
[177/1077] 2015-01-16 Contest on Liberation War kicks off in Ctg
[178/1077] 2015-01-18 Competition on Liberation War history concludes in CTG
[179/1077] 2015-01-24 Book on roles of artists in 1971 launched
[180/1077] 2015-01-29 Birangonas recognised as freedom fighter
[181/1077] 2015-02-03 Spirit of LIBERATION WAR and reality
[182/1077] 2015-02-06 Editor's Note
[183/1077] 2015-02-16 ICT defers charge framing against 2 Netrakona 'Razakars'
[184/1077] 2015-02-23 'Muktijuddher shotogolpo'
[185/1077] 2015-02-26 BNP-Jamaat carrying out genocide: PM
[186/1077] 2015-02-28 Ongoing terrors resemble that of 1971 war
[187/1077] 2015-03-01 2 war crimes accused held in Cox’s Bazar
[188/1077] 2015-03-02 2 Netrakona ‘Razakars’ indicted
[189/1077] 2015-03-03 Prevailing justice for the victims of Genocide
[190/1077] 2015-03-03 RU museum mirrors sacrifice of Liberation War martyrs
[191/1077] 2015-03-06 VIEWS ON GENOCIDE
[192/1077] 2015-03-07 March 7, 1971: The beginning of the end
[193/1077] 2015-03-10 Naval Commandos in the Liberation War
