5583 candidates, 253 still to extract
[1/253] FAILED None https://www.thedailystar.net/slow-reads/slow-reads-special/news/women-and-the-climate-crisis-bangladesh-4284266
[2/253]  A life for Bangladesh
[3/253] FAILED None https://www.thedailystar.net/slow-reads/slow-reads-special/the-haor-crisis/news/the-haor-crisis-explained-4177301
[4/253] FAILED None https://www.thedailystar.net/slow-reads/focus/news/we-wish-inform-you-censorship-bangladesh-1972-2024-4166461
[5/253] FAILED None https://www.thedailystar.net/slow-reads/focus/news/fight-justice-4164836
[6/253]  Justice at work for all
[7/253]  Price of Labour
[8/253] FAILED None https://www.thedailystar.net/slow-reads/slow-reads-special/price-labour/news/how-many-more-lives-workplaces-become-safe-4158871
[9/253] FAILED None https://www.thedailystar.net/slow-reads/slow-reads-special/operation-searchlight/news/operation-searchlight-the-night-hell-opened-over-dhaka-4135406
[10/253] FAILED 403 https://www.thedailystar.net/news/bangladesh/special-read/news/watch-pakistan-lying-about-1971-genocide-185098
[11/253] 2025-12-16 Modi skips Bangladesh in Victory Day message, Jaishankar extends greet
[12/253] FAILED 404 https://www.thedailystar.net/news-detail-55573
[13/253] FAILED 404 https://www.thedailystar.net/wide-angle/memory-and-justice-3100
[14/253] 2008-12-13 Dacca December Days 1971: “Sartre would dig this place.” *
[15/253] 2007-12-16 The songs we sang on the fields of battle
[16/253] 2020-03-07 Bangabandhu’s finest hour
[17/253] 2015-12-18 The man who raised the flag first
[18/253] 2014-03-07 The Flag Unfurled
[19/253] 2017-03-21 The emergence of Bangladesh
[20/253] 2009-09-03 Senator Edward Kennedy
[21/253] 2012-12-07 William AS Ouderland Bir Protik remembered
[22/253] 2016-03-26 A friend in need
[23/253] 2008-01-18 “Bottomless basket”
[24/253] 2014-07-18 Honouring the Legend
[25/253] 2013-12-13 What We've Lost
[26/253] 2009-12-15 The U.S. perspective in 1971
[27/253] 2012-12-22 Mujibnagar government comes home
[28/253] 2015-06-19 From History's Golden Chapter
[29/253] 2022-02-18 Dusty memoirs of history
[30/253] 2020-02-22 The spirit carries on
[31/253] 2022-02-05 ‘Honourable retreat’
[32/253] 2010-02-22 1952 revisited
[33/253] 2018-02-21 For Bangla, women too were at the forefront
[34/253] 2022-02-03 A spontaneous movement
[35/253] 2016-03-25 A Historic Dialogue with Modhu Da
[36/253] 2022-02-17 Sainik’s role
[37/253] 2013-01-16 Tashkent 1966 and its ramifications
[38/253] 2017-10-31 From 1970 elections to March 7
[39/253] 2015-12-05 A living proof of Pak army's atrocities
[40/253] 2013-12-16 The battle for Bangladesh
[41/253] 2012-01-16 Yahya hinted at attacking India 10 days earlier
[42/253] 2024-03-29 Indomitable March: Bangabandhu flown to Karachi
[43/253] 2024-03-28 Indomitable March: Pak atrocity continues
[44/253] 2024-03-27 Indomitable March: Archer K blood’s situation report
[45/253] 2024-03-24 Indomitable March: Final meeting
[46/253] 2024-03-23 Indomitable March: ‘Let us hope for best and remain prepared for worst
[47/253] 2024-03-20 Indomitable March: Yahya blames Bangalees
[48/253] 2024-03-19 Indomitable March: Firing at Joydevpur
[49/253] 2024-03-18 Indomitable March: ‘The military solution’ inked
[50/253] 2024-03-16 Indomitable March: Bangabandhu calls on Yahya
[51/253] 2024-03-14 Indomitable March: Bhutto’s formula for transfer of power
[52/253] 2024-03-13 Indomitable March: Growing support for Mujib’s demands from both wings
[53/253] 2024-03-11 Indomitable March: Bhutto’s urgent appeal to Mujib
[54/253] 2024-03-10 Indomitable March: Mujib appeals to prevent genocide
[55/253] 2024-03-07 Indomitable March: Thus spoke Mujib
[56/253] 2024-03-06 Indomitable March: Yahya blames Mujib
[57/253] 2024-03-05 Indomitable March: Mujib foresaw the end of Pakistan
[58/253] 2024-03-04 Indomitable March: Awami League takes de facto control
[59/253] 2024-03-03 Indomitable March: Withdraw forces, transfer power
[60/253] 2022-06-01 The testimony of Manik Mia
[61/253] 2021-12-16 Bangladesh wins freedom
[62/253] 2021-12-14 Malik cabinet resigns en masse
[63/253] 2021-12-13 Third Soviet veto bars truce plan
[64/253] 2021-12-12 India, Russia discuss Bangladesh war
[65/253] 2021-12-11 Pakistan general sends SOS to UN
[66/253] 2021-12-10 Mitro Bahini closing in on Dhaka
[67/253] 2021-12-09 Pakistan accepts truce call of UN
[68/253] 2021-12-08 India derides UN proposal for ceasefire
[69/253] 2021-12-07 General Assembly holds emergency debate
[70/253] 2021-11-29 Bangladesh will stand by India: Qamaruzzaman
[71/253] 2021-11-24 USA, UK call for restraint
[72/253] 2021-11-23 National emergency declared in Pakistan
[73/253] 2021-11-22 Kissinger’s plan for isolating India
[74/253] 2021-11-17 Bangladesh govt criticises proposal of political settlement
[75/253] 2021-11-15 Pakistani foreign secy calls on Kissinger
[76/253] 2021-11-14 Indira asks cabinet to give world last chance
[77/253] 2021-11-13 Pakistan-China meeting at UN
[78/253] 2021-11-11 Bangladesh govt will take back all refugees
[79/253] 2021-11-10 UN Mission may withdraw
[80/253] 2021-11-07 US will cancel licences to ship arms to Pakistan
[81/253] 2021-11-06 China pledges aid to Pakistan
[82/253] 2021-11-05 350 scholars ask for ban on Pakistan aid
[83/253] 2021-11-03 Sit-in before Pak High Commission
[84/253] 2021-11-02 Yahya agreed to pullback military unilaterally
[85/253] 2021-10-30 Yahya’s election drama
[86/253] 2021-10-29 US military supplies to Pakistan
[87/253] 2021-10-28 ‘Urgent UN intervention needed’
[88/253] 2021-10-27 Nazrul seeks China’s support
[89/253] 2021-10-26 Tajuddin hopeful of Chinese support
[90/253] 2021-10-24 India, Pakistan trade blame
[91/253] 2021-10-22 Yahya urges Thant to visit India, Pakistan
[92/253] 2021-10-20 Tito calls for political solution to Bangladesh problem
[93/253] 2021-10-18 Clemency for Bangabandhu if people want it:Yahya
[94/253] 2021-10-17 ‘An effective guerilla force’
[95/253] 2021-10-15 Bangladesh requests India for recognition
[96/253] 2021-10-14 Senate body votes for ban on all aid to Pakistan
[97/253] 2021-10-13 Monem Khan shot dead
[98/253] 2021-10-10 Pope’s appeal for Bangladesh refugees
[99/253] 2021-10-09 Nothing short of complete independence: Nazrul Islam
[100/253] 2021-10-08 New US aid for Pakistan
[101/253] 2021-10-07 ‘Death and suffering on a megaton scale’
[102/253] 2021-10-06 Freedom first: Tajuddin
[103/253] 2021-10-05 ‘Halt US aid to Pakistan’
[104/253] 2021-10-04 Russia against escalation of Bangladesh situation
[105/253] 2021-10-03 Election schedule declared
[106/253] 2021-10-02 Bangladesh cabinet discusses Indo-Soviet talk
[107/253] 2021-10-01 Podgorny for equitable solution of Bangladesh issue
[108/253] 2021-09-30 Non-aligned plea for world action on Bangladesh
[109/253] 2021-09-29 Russia, India call for urgent political solution
[110/253] 2021-09-28 Kosygin calls for political settlement
[111/253] 2021-09-27 India calls for political settlement
[112/253] 2021-09-26 Pak move to bar Bangladesh in UN
[113/253] 2021-09-24 We have truth and justice on our side: Osmany
[114/253] 2021-09-23 Pakstani soldiers continue to kill, loot, burn
[115/253] 2021-09-22 ‘It is a conflict between two states’
[116/253] 2021-09-21 Bangladesh’s UN delegation announced
[117/253] 2021-09-20 Nations urged to recognise Bangladesh
[118/253] 2021-09-19 Thant for political solution
[119/253] 2021-09-18 World meet on Bangladesh opens
[120/253] 2021-09-17 No request made for Israeli arms
[121/253] 2021-09-16 Pakistan army using FAO boats for repression
[122/253] 2021-09-14 Podgorny calls for ‘speediest political settlement’
[123/253] 2021-09-13 Khurram Panni defects to Bangladesh
[124/253] 2021-09-12 Shah of Persia may mediate
[125/253] 2021-09-11 Only self-rule will satisfy Bangladesh: Galbraith
[126/253] 2021-09-10 Bangladesh to send team to UN
[127/253] 2021-09-09 Bangladesh Liberation Front formed
[128/253] 2021-09-08 Free Bangladesh to join Commonwealth
[129/253] 2021-09-07 Bangladesh wants to join UN session
[130/253] 2021-09-06 Yahya’s ‘amnesty’ trap
[131/253] 2021-09-05 Tajuddin urges states to recognise
[132/253] 2021-09-03 Nazrul’s family refuses pension from Pakistan
[133/253] 2021-09-02 Pakistan asks diplomats to surrender passports
[134/253] 2021-08-31 ‘Famine inevitable’
[135/253] 2021-08-30 Bangladesh mission opened in New Delhi
[136/253] 2021-08-29 We have to make it ourselves, says Tajuddin
[137/253] 2021-08-28 ‘A dangerous and volatile situation’
[138/253] 2021-08-27 Bangladesh mission at London
[139/253] 2021-08-26 Kennedy calls for stopping US aid to Pakistan
[140/253] 2021-08-25 Bangladesh allowance for Rebel Poet Nazrul
[141/253] 2021-08-23 New recognition bid by Bangladesh govt
[142/253] 2021-08-22 Reluctant candidates in Dhaka
[143/253] 2021-08-19 AL legislators disqualified
[144/253] 2021-08-17 Kosygin warns Yahya
[145/253] 2021-08-15 Naval operation that shook Pakistan
[146/253] 2021-08-14 Nixon warns Yahya of famine
[147/253] 2021-08-12 ‘The fate of Sheikh Mujib’
[148/253] 2021-08-11 Indira calls upon nations to save Bangabandhu
[149/253] 2021-08-10 Thant sounds warning about Bangabandhu trial
[150/253] 2021-08-09 Indo-Soviet treaty signed
[151/253] 2021-08-06 500 Indian MPs urge Thant to save Bangabandhu’s life
[152/253] 2021-08-05 Pakistan govt accuses AL of massacre
[153/253] 2021-08-04 Bangalee diplomats in US opt for Bangladesh
[154/253] 2021-08-03 Bangladesh warns against deployment of UN observers
[155/253] 2021-08-01 Concert for Bangladesh
[156/253] 2021-07-30 India rejects proposal for posting observers
[157/253] 2021-07-28 Yahya will commit suicide: Nixon
[158/253] 2021-07-27 U Thant concerned over Bangladesh situation
[159/253] 2021-07-26 Dhaka residents asked to evacuate
[160/253] 2021-07-25 Massive offensive against Pak Army
[161/253] 2021-07-24 Osmani says 20,000 Pakistani troops killed
[162/253] 2021-07-18 Mission staff reaffirm loyalty to Bangladesh
[163/253] 2021-07-17 Bangladesh’s cautious reaction to Nixon’s China visit
[164/253] 2021-07-16 A country in the grip of fear
[165/253] 2021-07-15 Military victory the only solution: Tajuddin
[166/253] 2021-07-14 The New York Times condemns arms supply
[167/253] 2021-07-13 ‘It was like the morning after a nuclear attack’
[168/253] 2021-07-11 Sector Commanders’ Conference begins
[169/253] 2021-07-10 World Bank report disclosed
[170/253] 2021-07-09 Kissinger’s Pakistan visit
[171/253] 2021-07-08 Pakistani propaganda in USA
[172/253] 2021-07-07 One evacuee every second
[173/253] 2021-07-05 Dhaka’s power system crippled
[174/253] 2021-07-03 Freedom fighters will lead our future army: Kamaruzzaman
[175/253] 2021-07-02 Yahya’s plan a cruel joke: Muzaffar
[176/253] 2021-06-30 Monsoon takes toll on Bangladeshi refugees
[177/253] 2021-06-29 Bangladeshis will not accept hoax: Bhashani
[178/253] 2021-06-27 A terrible blood bath
[179/253] 2021-06-26 Austerity budget set in Pakistan
[180/253] 2021-06-25 11 nations decline aid to Pakistan
[181/253] 2021-06-24 Bangladesh govt tells Nixon not to contribute to genocide
[182/253] 2021-06-23 Abetting repression
[183/253] 2021-06-21 Decision on aid postponed
[184/253] 2021-06-19 ‘Sovereign Bangla only political solution’
[185/253] 2021-06-17 Indira Gandhi determined to send refugees back
[186/253] 2021-06-15 Indian MPs want military action
[187/253] 2021-06-11 Spike in guerilla attacks
[188/253] 2021-06-09 Operation Hotel InterContinental
[189/253] 2021-06-08 UK refuses aid to Pakistan
[190/253] 2021-06-07 2 largest currency denominations withdrawn
[191/253] 2021-06-06 Pakistan is dead: Syed Nazrul
[192/253] 2021-06-04 Effort to form new party
[193/253] 2021-06-01 Bangladesh delegation addresses Indian parliament
[194/253] 2021-05-31 Bhashani rules out any political settlement
[195/253] 2021-05-29 Battle of Bhomra
[196/253] 2021-05-27 Bangladesh legislators plead for recognition
[197/253] 2021-05-25 Meghalaya border shelled
[198/253] 2021-05-24 Yahya’s appeal for US support
[199/253] 2021-05-22 ‘Bangalees are true Muslims’
[200/253] 2021-05-21 Yahya invites refugees to return home!
[201/253] 2021-05-20 ‘Our struggle is not opposed to Islam’
[202/253] 2021-05-18 Pakistan seeks UN aid
[203/253] 2021-05-12 US asked not to give aid to Pakistan
[204/253] 2021-05-11 Weekly Jai Bangla launched
[205/253] 2021-05-10 Nazrul pledges socialism
[206/253] 2021-05-09 Pakistan’s sinking economy
[207/253] 2021-05-08 Witness to the killing of Italian priest
[208/253] 2021-05-06 US Senate unit asks Pakistan arms cutoff
[209/253] 2021-05-05 War with India possible, says Pakistani general
[210/253] 2021-05-03 Pakistan denies refugee exodus
[211/253] 2021-05-01 An unprecedented move by British MPssh MPs
[212/253] 2021-04-30 Bangladesh at risk of famine
[213/253] 2021-04-29 Heavier inflow of refugees feared
[214/253] 2021-04-28 Tajuddin’s plea for arms aid
[215/253] 2021-04-26 Another Bangalee diplomat defects
[216/253] 2021-04-25 Bhashani’s telegram to world leaders
[217/253] 2021-04-24 US urges restraint in wake of Indo-Pak confrontation
[218/253] 2021-04-22 India requests UN assistance for refugees
[219/253] 2021-04-21 Fleeing by the thousands
[220/253] 2021-04-20 Bhashani writes to Mao
[221/253] 2021-04-19 Bangladesh Cabinet discusses war strategy
[222/253] 2021-04-18 Bangalees claim Calcutta Consulate
[223/253] 2021-04-16 ‘Bullets or Bread?’
[224/253] 2021-04-14 Bangladesh cabinet approves 7-point plan
[225/253] 2021-04-13 War cabinet formed
[226/253] 2021-04-12 China backs Pakistan and warns India
[227/253] 2021-04-08 Pakistan accuses India in UN
[228/253] 2021-04-07 US asks for ‘peaceful accommodation’
[229/253] 2021-04-05 Chuadanga declared provisional capital
[230/253] 2021-04-03 ‘The smell of death is still everywhere’
[231/253] 2021-04-01 UN CHIEF REFUSES RELIEF REQUEST
[232/253] 2021-03-31 Kushtia reclaimed
[233/253] 2021-03-24 The telephone call that never came
[234/253] 2021-03-23 ‘Let’s hope for the best and prepare for the worst’
[235/253] 2021-03-22 The trio meets
[236/253] 2021-03-20 Bangabandhu sees progress in Dhaka talks
[237/253] 2021-03-19 Dhaka talks at a crucial stage
[238/253] 2021-03-17 Fateful talks
[239/253] 2021-03-14 Bhutto suggests power share
[240/253] 2021-03-10 Bangabandhu’s appeal to U Thant
[241/253] 2021-03-05 An end foretold
[242/253] 2021-03-04 ‘Can Pakistan be saved?’
[243/253] 2021-03-02 Bangladesh flag hoisted at Dhaka University
[244/253] 2025-12-16 The indigenous hero who turned the tide in Bhurungamari’s liberation
[245/253] 2025-12-16 The untold story of the only indigenous woman awarded the Bir Protik t
[246/253] 2023-10-21 Martyred Hafizur finally recognised after 52 years
[247/253] 2017-12-15 Editing out 1971
[248/253] 2015-05-29 TORTURED, KILLED AND ABANDONED
[249/253] 2025-12-16 Victory day today: A nation born out of blood and grit
[250/253] 2022-12-16 Victory Day Today: Freedom dawns
[251/253] 2022-03-07 Mission to save Bangabandhu's March 7 speech
[252/253] 2018-03-25 Blueprint for genocide
[253/253] 2021-12-16 50 years of Victory: Mind fearless, head held high
